// Jest Snapshot v1, https://goo.gl/fbAQLP

exports[`Testing al cliente Es Juan Cruz 1`] = `
Object {
  "categoria": "Premium",
  "nombre": "Juan Cruz",
  "saldo": 500,
}
`;
